I'm sorry, but errors were detected in your script. Please correct the
errors listed below, and try again.


File "game/screens.rpy", line 331: vbox expects a non-empty block.
    vbox:
         ^

Ren'Py Version: Ren'Py 8.3.2.24090902
Thu Oct 31 11:26:10 2024
